E:/SteamLibrary/steamapps/common/Krita/krita/bin/ffmpeg.exe -hide_banner -y -y -r 24 -start_number 0 -start_number_range 1 -i E:/gpics/gamestuff/TURTLE/GMTK-Turtle-Sewer-Slide/gmtk-turtle-sewer-slide/Assets/wips/frame%04d.png -i E:/gpics/gamestuff/TURTLE/GMTK-Turtle-Sewer-Slide/gmtk-turtle-sewer-slide/Assets/wips/KritaTempPalettegen_%06d.png -lavfi [0:v][1:v]paletteuse=dither=sierra2_4a:diff_mode=none -f gif -loop 0 -gifflags +transdiff E:/gpics/gamestuff/TURTLE/GMTK-Turtle-Sewer-Slide/gmtk-turtle-sewer-slide/Assets/wips/t1spin.gif
=====================================================
Input #0, image2, from 'E:/gpics/gamestuff/TURTLE/GMTK-Turtle-Sewer-Slide/gmtk-turtle-sewer-slide/Assets/wips/frame%04d.png':
  Duration: 00:00:00.28, start: 0.000000, bitrate: N/A
  Stream #0:0: Video: png, rgba(pc, gbr/unknown/unknown), 1232x1176 [SAR 3149:3149 DAR 22:21], 25 fps, 25 tbr, 25 tbn
Input #1, image2, from 'E:/gpics/gamestuff/TURTLE/GMTK-Turtle-Sewer-Slide/gmtk-turtle-sewer-slide/Assets/wips/KritaTempPalettegen_%06d.png':
  Duration: 00:00:00.04, start: 0.000000, bitrate: N/A
  Stream #1:0: Video: png, rgba(pc, gbr/unknown/unknown), 16x16 [SAR 1:1 DAR 1:1], 25 fps, 25 tbr, 25 tbn
Stream mapping:
  Stream #0:0 (png) -> paletteuse
  Stream #1:0 (png) -> paletteuse
  paletteuse:default -> Stream #0:0 (gif)
Press [q] to stop, [?] for help
Output #0, gif, to 'E:/gpics/gamestuff/TURTLE/GMTK-Turtle-Sewer-Slide/gmtk-turtle-sewer-slide/Assets/wips/t1spin.gif':
  Metadata:
    encoder         : Lavf62.3.100
  Stream #0:0: Video: gif, pal8(pc, gbr/unknown/unknown, progressive), 1232x1176 [SAR 1:1 DAR 22:21], q=2-31, 200 kb/s, 24 fps, 100 tbn
    Metadata:
      encoder         : Lavc62.11.100 gif
[out#0/gif @ 00000224f23eb440] video:720KiB audio:0KiB subtitle:0KiB other streams:0KiB global headers:0KiB muxing overhead: 0.002713%
frame=    7 fps=0.0 q=-0.0 Lsize=     720KiB time=00:00:00.29 bitrate=20218.0kbits/s speed=1.18x elapsed=0:00:00.24    
